Archive member included to satisfy reference by file (symbol)

/home/javier/gcc/bin/../lib/gcc/arm-none-eabi/6.2.1/../../../../arm-none-eabi/lib/thumb/v7-m/libg_nano.a(lib_a-exit.o)
                              /home/javier/gcc/bin/../lib/gcc/arm-none-eabi/6.2.1/../../../../arm-none-eabi/lib/thumb/v7-m/crt0.o (exit)
/home/javier/gcc/bin/../lib/gcc/arm-none-eabi/6.2.1/../../../../arm-none-eabi/lib/thumb/v7-m/libg_nano.a(lib_a-impure.o)
                              /home/javier/gcc/bin/../lib/gcc/arm-none-eabi/6.2.1/../../../../arm-none-eabi/lib/thumb/v7-m/libg_nano.a(lib_a-exit.o) (_global_impure_ptr)
/home/javier/gcc/bin/../lib/gcc/arm-none-eabi/6.2.1/../../../../arm-none-eabi/lib/thumb/v7-m/libg_nano.a(lib_a-init.o)
                              /home/javier/gcc/bin/../lib/gcc/arm-none-eabi/6.2.1/../../../../arm-none-eabi/lib/thumb/v7-m/crt0.o (__libc_init_array)
/home/javier/gcc/bin/../lib/gcc/arm-none-eabi/6.2.1/../../../../arm-none-eabi/lib/thumb/v7-m/libg_nano.a(lib_a-memset.o)
                              /home/javier/gcc/bin/../lib/gcc/arm-none-eabi/6.2.1/../../../../arm-none-eabi/lib/thumb/v7-m/crt0.o (memset)
/home/javier/gcc/bin/../lib/gcc/arm-none-eabi/6.2.1/../../../../arm-none-eabi/lib/thumb/v7-m/libnosys.a(_exit.o)
                              /home/javier/gcc/bin/../lib/gcc/arm-none-eabi/6.2.1/../../../../arm-none-eabi/lib/thumb/v7-m/libg_nano.a(lib_a-exit.o) (_exit)

Discarded input sections

 .text          0x0000000000000000        0x0 /home/javier/gcc/bin/../lib/gcc/arm-none-eabi/6.2.1/thumb/v7-m/crti.o
 .data          0x0000000000000000        0x0 /home/javier/gcc/bin/../lib/gcc/arm-none-eabi/6.2.1/thumb/v7-m/crti.o
 .bss           0x0000000000000000        0x0 /home/javier/gcc/bin/../lib/gcc/arm-none-eabi/6.2.1/thumb/v7-m/crti.o
 .data          0x0000000000000000        0x4 /home/javier/gcc/bin/../lib/gcc/arm-none-eabi/6.2.1/thumb/v7-m/crtbegin.o
 .text          0x0000000000000000       0x74 /home/javier/gcc/bin/../lib/gcc/arm-none-eabi/6.2.1/../../../../arm-none-eabi/lib/thumb/v7-m/crt0.o
 .data          0x0000000000000000        0x0 /home/javier/gcc/bin/../lib/gcc/arm-none-eabi/6.2.1/../../../../arm-none-eabi/lib/thumb/v7-m/crt0.o
 .bss           0x0000000000000000        0x0 /home/javier/gcc/bin/../lib/gcc/arm-none-eabi/6.2.1/../../../../arm-none-eabi/lib/thumb/v7-m/crt0.o
 .ARM.extab     0x0000000000000000        0x0 /home/javier/gcc/bin/../lib/gcc/arm-none-eabi/6.2.1/../../../../arm-none-eabi/lib/thumb/v7-m/crt0.o
 .ARM.exidx     0x0000000000000000        0x8 /home/javier/gcc/bin/../lib/gcc/arm-none-eabi/6.2.1/../../../../arm-none-eabi/lib/thumb/v7-m/crt0.o
 .ARM.attributes
                0x0000000000000000       0x1b /home/javier/gcc/bin/../lib/gcc/arm-none-eabi/6.2.1/../../../../arm-none-eabi/lib/thumb/v7-m/crt0.o
 .text          0x0000000000000000        0x0 /tmp/ccrw893Z.o (symbol from plugin)
 .text          0x0000000000000000        0x0 /tmp/cc5uYZPE.ltrans0.ltrans.o
 .data          0x0000000000000000        0x0 /tmp/cc5uYZPE.ltrans0.ltrans.o
 .bss           0x0000000000000000        0x0 /tmp/cc5uYZPE.ltrans0.ltrans.o
 .data          0x0000000000000000        0x0 /tmp/cck8OJdp.o
 .bss           0x0000000000000000        0x0 /tmp/cck8OJdp.o
 .text          0x0000000000000000        0x0 /home/javier/gcc/bin/../lib/gcc/arm-none-eabi/6.2.1/../../../../arm-none-eabi/lib/thumb/v7-m/libg_nano.a(lib_a-exit.o)
 .data          0x0000000000000000        0x0 /home/javier/gcc/bin/../lib/gcc/arm-none-eabi/6.2.1/../../../../arm-none-eabi/lib/thumb/v7-m/libg_nano.a(lib_a-exit.o)
 .bss           0x0000000000000000        0x0 /home/javier/gcc/bin/../lib/gcc/arm-none-eabi/6.2.1/../../../../arm-none-eabi/lib/thumb/v7-m/libg_nano.a(lib_a-exit.o)
 .text.exit     0x0000000000000000       0x28 /home/javier/gcc/bin/../lib/gcc/arm-none-eabi/6.2.1/../../../../arm-none-eabi/lib/thumb/v7-m/libg_nano.a(lib_a-exit.o)
 .debug_frame   0x0000000000000000       0x28 /home/javier/gcc/bin/../lib/gcc/arm-none-eabi/6.2.1/../../../../arm-none-eabi/lib/thumb/v7-m/libg_nano.a(lib_a-exit.o)
 .ARM.attributes
                0x0000000000000000       0x2d /home/javier/gcc/bin/../lib/gcc/arm-none-eabi/6.2.1/../../../../arm-none-eabi/lib/thumb/v7-m/libg_nano.a(lib_a-exit.o)
 .text          0x0000000000000000        0x0 /home/javier/gcc/bin/../lib/gcc/arm-none-eabi/6.2.1/../../../../arm-none-eabi/lib/thumb/v7-m/libg_nano.a(lib_a-impure.o)
 .data          0x0000000000000000        0x0 /home/javier/gcc/bin/../lib/gcc/arm-none-eabi/6.2.1/../../../../arm-none-eabi/lib/thumb/v7-m/libg_nano.a(lib_a-impure.o)
 .bss           0x0000000000000000        0x0 /home/javier/gcc/bin/../lib/gcc/arm-none-eabi/6.2.1/../../../../arm-none-eabi/lib/thumb/v7-m/libg_nano.a(lib_a-impure.o)
 .data._impure_ptr
                0x0000000000000000        0x4 /home/javier/gcc/bin/../lib/gcc/arm-none-eabi/6.2.1/../../../../arm-none-eabi/lib/thumb/v7-m/libg_nano.a(lib_a-impure.o)
 .data.impure_data
                0x0000000000000000       0x60 /home/javier/gcc/bin/../lib/gcc/arm-none-eabi/6.2.1/../../../../arm-none-eabi/lib/thumb/v7-m/libg_nano.a(lib_a-impure.o)
 .rodata._global_impure_ptr
                0x0000000000000000        0x4 /home/javier/gcc/bin/../lib/gcc/arm-none-eabi/6.2.1/../../../../arm-none-eabi/lib/thumb/v7-m/libg_nano.a(lib_a-impure.o)
 .ARM.attributes
                0x0000000000000000       0x2d /home/javier/gcc/bin/../lib/gcc/arm-none-eabi/6.2.1/../../../../arm-none-eabi/lib/thumb/v7-m/libg_nano.a(lib_a-impure.o)
 .text          0x0000000000000000        0x0 /home/javier/gcc/bin/../lib/gcc/arm-none-eabi/6.2.1/../../../../arm-none-eabi/lib/thumb/v7-m/libg_nano.a(lib_a-init.o)
 .data          0x0000000000000000        0x0 /home/javier/gcc/bin/../lib/gcc/arm-none-eabi/6.2.1/../../../../arm-none-eabi/lib/thumb/v7-m/libg_nano.a(lib_a-init.o)
 .bss           0x0000000000000000        0x0 /home/javier/gcc/bin/../lib/gcc/arm-none-eabi/6.2.1/../../../../arm-none-eabi/lib/thumb/v7-m/libg_nano.a(lib_a-init.o)
 .text.__libc_init_array
                0x0000000000000000       0x48 /home/javier/gcc/bin/../lib/gcc/arm-none-eabi/6.2.1/../../../../arm-none-eabi/lib/thumb/v7-m/libg_nano.a(lib_a-init.o)
 .debug_frame   0x0000000000000000       0x2c /home/javier/gcc/bin/../lib/gcc/arm-none-eabi/6.2.1/../../../../arm-none-eabi/lib/thumb/v7-m/libg_nano.a(lib_a-init.o)
 .ARM.attributes
                0x0000000000000000       0x2d /home/javier/gcc/bin/../lib/gcc/arm-none-eabi/6.2.1/../../../../arm-none-eabi/lib/thumb/v7-m/libg_nano.a(lib_a-init.o)
 .text          0x0000000000000000        0x0 /home/javier/gcc/bin/../lib/gcc/arm-none-eabi/6.2.1/../../../../arm-none-eabi/lib/thumb/v7-m/libg_nano.a(lib_a-memset.o)
 .data          0x0000000000000000        0x0 /home/javier/gcc/bin/../lib/gcc/arm-none-eabi/6.2.1/../../../../arm-none-eabi/lib/thumb/v7-m/libg_nano.a(lib_a-memset.o)
 .bss           0x0000000000000000        0x0 /home/javier/gcc/bin/../lib/gcc/arm-none-eabi/6.2.1/../../../../arm-none-eabi/lib/thumb/v7-m/libg_nano.a(lib_a-memset.o)
 .text.memset   0x0000000000000000       0x10 /home/javier/gcc/bin/../lib/gcc/arm-none-eabi/6.2.1/../../../../arm-none-eabi/lib/thumb/v7-m/libg_nano.a(lib_a-memset.o)
 .debug_frame   0x0000000000000000       0x20 /home/javier/gcc/bin/../lib/gcc/arm-none-eabi/6.2.1/../../../../arm-none-eabi/lib/thumb/v7-m/libg_nano.a(lib_a-memset.o)
 .ARM.attributes
                0x0000000000000000       0x2d /home/javier/gcc/bin/../lib/gcc/arm-none-eabi/6.2.1/../../../../arm-none-eabi/lib/thumb/v7-m/libg_nano.a(lib_a-memset.o)
 .text          0x0000000000000000        0x0 /home/javier/gcc/bin/../lib/gcc/arm-none-eabi/6.2.1/../../../../arm-none-eabi/lib/thumb/v7-m/libnosys.a(_exit.o)
 .data          0x0000000000000000        0x0 /home/javier/gcc/bin/../lib/gcc/arm-none-eabi/6.2.1/../../../../arm-none-eabi/lib/thumb/v7-m/libnosys.a(_exit.o)
 .bss           0x0000000000000000        0x0 /home/javier/gcc/bin/../lib/gcc/arm-none-eabi/6.2.1/../../../../arm-none-eabi/lib/thumb/v7-m/libnosys.a(_exit.o)
 .text._exit    0x0000000000000000        0x4 /home/javier/gcc/bin/../lib/gcc/arm-none-eabi/6.2.1/../../../../arm-none-eabi/lib/thumb/v7-m/libnosys.a(_exit.o)
 .debug_frame   0x0000000000000000       0x20 /home/javier/gcc/bin/../lib/gcc/arm-none-eabi/6.2.1/../../../../arm-none-eabi/lib/thumb/v7-m/libnosys.a(_exit.o)
 .ARM.attributes
                0x0000000000000000       0x2d /home/javier/gcc/bin/../lib/gcc/arm-none-eabi/6.2.1/../../../../arm-none-eabi/lib/thumb/v7-m/libnosys.a(_exit.o)
 .text          0x0000000000000000        0x0 /home/javier/gcc/bin/../lib/gcc/arm-none-eabi/6.2.1/thumb/v7-m/crtend.o
 .data          0x0000000000000000        0x0 /home/javier/gcc/bin/../lib/gcc/arm-none-eabi/6.2.1/thumb/v7-m/crtend.o
 .bss           0x0000000000000000        0x0 /home/javier/gcc/bin/../lib/gcc/arm-none-eabi/6.2.1/thumb/v7-m/crtend.o
 .text          0x0000000000000000        0x0 /home/javier/gcc/bin/../lib/gcc/arm-none-eabi/6.2.1/thumb/v7-m/crtn.o
 .data          0x0000000000000000        0x0 /home/javier/gcc/bin/../lib/gcc/arm-none-eabi/6.2.1/thumb/v7-m/crtn.o
 .bss           0x0000000000000000        0x0 /home/javier/gcc/bin/../lib/gcc/arm-none-eabi/6.2.1/thumb/v7-m/crtn.o

Memory Configuration

Name             Origin             Length             Attributes
FLASH            0x0000000008000000 0x0000000000010000 xr
RAM              0x0000000020000000 0x0000000000005000 xrw
*default*        0x0000000000000000 0xffffffffffffffff

Linker script and memory map

LOAD /home/javier/gcc/bin/../lib/gcc/arm-none-eabi/6.2.1/thumb/v7-m/crti.o
LOAD /home/javier/gcc/bin/../lib/gcc/arm-none-eabi/6.2.1/thumb/v7-m/crtbegin.o
LOAD /home/javier/gcc/bin/../lib/gcc/arm-none-eabi/6.2.1/../../../../arm-none-eabi/lib/thumb/v7-m/crt0.o
LOAD /tmp/ccrw893Z.o
LOAD /tmp/cc5uYZPE.ltrans0.ltrans.o
LOAD /tmp/cck8OJdp.o
START GROUP
LOAD /home/javier/gcc/bin/../lib/gcc/arm-none-eabi/6.2.1/thumb/v7-m/libgcc.a
LOAD /home/javier/gcc/bin/../lib/gcc/arm-none-eabi/6.2.1/../../../../arm-none-eabi/lib/thumb/v7-m/libg_nano.a
LOAD /home/javier/gcc/bin/../lib/gcc/arm-none-eabi/6.2.1/../../../../arm-none-eabi/lib/thumb/v7-m/libc_nano.a
END GROUP
START GROUP
LOAD /home/javier/gcc/bin/../lib/gcc/arm-none-eabi/6.2.1/thumb/v7-m/libgcc.a
LOAD /home/javier/gcc/bin/../lib/gcc/arm-none-eabi/6.2.1/../../../../arm-none-eabi/lib/thumb/v7-m/libc_nano.a
LOAD /home/javier/gcc/bin/../lib/gcc/arm-none-eabi/6.2.1/../../../../arm-none-eabi/lib/thumb/v7-m/libnosys.a
END GROUP
START GROUP
LOAD /home/javier/gcc/bin/../lib/gcc/arm-none-eabi/6.2.1/thumb/v7-m/libgcc.a
LOAD /home/javier/gcc/bin/../lib/gcc/arm-none-eabi/6.2.1/../../../../arm-none-eabi/lib/thumb/v7-m/libc_nano.a
LOAD /home/javier/gcc/bin/../lib/gcc/arm-none-eabi/6.2.1/../../../../arm-none-eabi/lib/thumb/v7-m/libnosys.a
END GROUP
LOAD /home/javier/gcc/bin/../lib/gcc/arm-none-eabi/6.2.1/thumb/v7-m/crtend.o
LOAD /home/javier/gcc/bin/../lib/gcc/arm-none-eabi/6.2.1/thumb/v7-m/crtn.o

.text           0x0000000008000000      0x148
 *(.isr_vector)
 .isr_vector    0x0000000008000000       0x44 /tmp/cck8OJdp.o
                0x0000000008000000                __isr_vector
 *(.text*)
 .text          0x0000000008000044       0x6c /home/javier/gcc/bin/../lib/gcc/arm-none-eabi/6.2.1/thumb/v7-m/crtbegin.o
 .text.startup.main
                0x00000000080000b0       0x34 /tmp/cc5uYZPE.ltrans0.ltrans.o
                0x00000000080000b0                main
 .text          0x00000000080000e4       0x48 /tmp/cck8OJdp.o
                0x00000000080000e4                Reset_Handler
                0x0000000008000128                DebugMon_Handler
                0x0000000008000128                HardFault_Handler
                0x0000000008000128                SysTick_Handler
                0x0000000008000128                PendSV_Handler
                0x0000000008000128                NMI_Handler
                0x0000000008000128                UsageFault_Handler
                0x0000000008000128                Default_Handler
                0x0000000008000128                MemManage_Handler
                0x0000000008000128                SVC_Handler
                0x0000000008000128                DEF_IRQHandler
                0x0000000008000128                BusFault_Handler
 *(.init)
 .init          0x000000000800012c        0x4 /home/javier/gcc/bin/../lib/gcc/arm-none-eabi/6.2.1/thumb/v7-m/crti.o
                0x000000000800012c                _init
 .init          0x0000000008000130        0x8 /home/javier/gcc/bin/../lib/gcc/arm-none-eabi/6.2.1/thumb/v7-m/crtn.o
 *(.fini)
 .fini          0x0000000008000138        0x4 /home/javier/gcc/bin/../lib/gcc/arm-none-eabi/6.2.1/thumb/v7-m/crti.o
                0x0000000008000138                _fini
 .fini          0x000000000800013c        0x8 /home/javier/gcc/bin/../lib/gcc/arm-none-eabi/6.2.1/thumb/v7-m/crtn.o
 *crtbegin.o(.ctors)
 *crtbegin?.o(.ctors)
 *(EXCLUDE_FILE(*crtend.o *crtend?.o) .ctors)
 *(SORT(.ctors.*))
 *(.ctors)
 *crtbegin.o(.dtors)
 *crtbegin?.o(.dtors)
 *(EXCLUDE_FILE(*crtend.o *crtend?.o) .dtors)
 *(SORT(.dtors.*))
 *(.dtors)
 *(.rodata*)
 *(.eh_frame*)
 .eh_frame      0x0000000008000144        0x0 /home/javier/gcc/bin/../lib/gcc/arm-none-eabi/6.2.1/thumb/v7-m/crtbegin.o
 .eh_frame      0x0000000008000144        0x4 /home/javier/gcc/bin/../lib/gcc/arm-none-eabi/6.2.1/thumb/v7-m/crtend.o

.glue_7         0x0000000008000148        0x0
 .glue_7        0x0000000008000148        0x0 linker stubs

.glue_7t        0x0000000008000148        0x0
 .glue_7t       0x0000000008000148        0x0 linker stubs

.vfp11_veneer   0x0000000008000148        0x0
 .vfp11_veneer  0x0000000008000148        0x0 linker stubs

.v4_bx          0x0000000008000148        0x0
 .v4_bx         0x0000000008000148        0x0 linker stubs

.iplt           0x0000000008000148        0x0
 .iplt          0x0000000008000148        0x0 /home/javier/gcc/bin/../lib/gcc/arm-none-eabi/6.2.1/thumb/v7-m/crtbegin.o

.rel.dyn        0x0000000008000148        0x0
 .rel.iplt      0x0000000008000148        0x0 /home/javier/gcc/bin/../lib/gcc/arm-none-eabi/6.2.1/thumb/v7-m/crtbegin.o

.ARM.extab
 *(.ARM.extab* .gnu.linkonce.armextab.*)
                0x0000000008000148                __exidx_start = .

.ARM.exidx
 *(.ARM.exidx* .gnu.linkonce.armexidx.*)
                0x0000000008000148                __exidx_end = .
                0x0000000008000148                __etext = ALIGN (0x4)

.data           0x0000000020000000        0xc load address 0x0000000008000148
                0x0000000020000000                __data_start__ = .
 *(vtable)
 *(.data*)
                0x0000000020000000                . = ALIGN (0x4)
                0x0000000020000000                PROVIDE (__preinit_array_start, .)
 *(.preinit_array)
                0x0000000020000000                PROVIDE (__preinit_array_end, .)
                0x0000000020000000                . = ALIGN (0x4)
                0x0000000020000000                PROVIDE (__init_array_start, .)
 *(SORT(.init_array.*))
 *(.init_array)
 .init_array    0x0000000020000000        0x4 /home/javier/gcc/bin/../lib/gcc/arm-none-eabi/6.2.1/thumb/v7-m/crtbegin.o
                0x0000000020000004                PROVIDE (__init_array_end, .)
                0x0000000020000004                . = ALIGN (0x4)
                [!provide]                        PROVIDE (__fini_array_start, .)
 *(SORT(.fini_array.*))
 *(.fini_array)
 .fini_array    0x0000000020000004        0x4 /home/javier/gcc/bin/../lib/gcc/arm-none-eabi/6.2.1/thumb/v7-m/crtbegin.o
                [!provide]                        PROVIDE (__fini_array_end, .)
 *(.jcr*)
 .jcr           0x0000000020000008        0x0 /home/javier/gcc/bin/../lib/gcc/arm-none-eabi/6.2.1/thumb/v7-m/crtbegin.o
 .jcr           0x0000000020000008        0x4 /home/javier/gcc/bin/../lib/gcc/arm-none-eabi/6.2.1/thumb/v7-m/crtend.o
                0x000000002000000c                . = ALIGN (0x4)
                0x000000002000000c                __data_end__ = .

.igot.plt       0x000000002000000c        0x0 load address 0x0000000008000154
 .igot.plt      0x000000002000000c        0x0 /home/javier/gcc/bin/../lib/gcc/arm-none-eabi/6.2.1/thumb/v7-m/crtbegin.o

.bss            0x000000002000000c       0x1c load address 0x0000000008000154
                0x000000002000000c                . = ALIGN (0x4)
                0x000000002000000c                __bss_start__ = .
 *(.bss*)
 .bss           0x000000002000000c       0x1c /home/javier/gcc/bin/../lib/gcc/arm-none-eabi/6.2.1/thumb/v7-m/crtbegin.o
 *(COMMON)
                0x0000000020000028                . = ALIGN (0x4)
                0x0000000020000028                __bss_end__ = .

.heap           0x0000000020000028        0x0
                0x0000000020000028                __end__ = .
                [!provide]                        PROVIDE (end, .)
 *(.heap*)
 .heap          0x0000000020000028        0x0 /tmp/cck8OJdp.o
                0x0000000020000028                __HeapLimit = .

.stack_dummy    0x0000000020000028      0xc00
 *(.stack*)
 .stack         0x0000000020000028      0xc00 /tmp/cck8OJdp.o
                0x0000000020005000                __StackTop = (ORIGIN (RAM) + LENGTH (RAM))
                0x0000000020004400                __StackLimit = (__StackTop - SIZEOF (.stack_dummy))
                0x0000000020005000                PROVIDE (__stack, __StackTop)
                0x0000000000000001                ASSERT ((__StackLimit >= __HeapLimit), region RAM overflowed with stack)
OUTPUT(minimum-CM3.axf elf32-littlearm)

.ARM.attributes
                0x0000000000000000       0x29
 .ARM.attributes
                0x0000000000000000       0x1d /home/javier/gcc/bin/../lib/gcc/arm-none-eabi/6.2.1/thumb/v7-m/crti.o
 .ARM.attributes
                0x000000000000001d       0x2d /home/javier/gcc/bin/../lib/gcc/arm-none-eabi/6.2.1/thumb/v7-m/crtbegin.o
 .ARM.attributes
                0x000000000000004a       0x31 /tmp/cc5uYZPE.ltrans0.ltrans.o
 .ARM.attributes
                0x000000000000007b       0x1b /tmp/cck8OJdp.o
 .ARM.attributes
                0x0000000000000096       0x2d /home/javier/gcc/bin/../lib/gcc/arm-none-eabi/6.2.1/thumb/v7-m/crtend.o
 .ARM.attributes
                0x00000000000000c3       0x1d /home/javier/gcc/bin/../lib/gcc/arm-none-eabi/6.2.1/thumb/v7-m/crtn.o

.comment        0x0000000000000000       0x6e
 .comment       0x0000000000000000       0x6e /tmp/cc5uYZPE.ltrans0.ltrans.o
                                         0x6f (size before relaxing)

.debug_info     0x0000000000000000       0xb8
 .debug_info    0x0000000000000000       0x56 /tmp/cc5uYZPE.ltrans0.ltrans.o
 .debug_info    0x0000000000000056       0x62 /tmp/cck8OJdp.o

.debug_abbrev   0x0000000000000000       0x6b
 .debug_abbrev  0x0000000000000000       0x57 /tmp/cc5uYZPE.ltrans0.ltrans.o
 .debug_abbrev  0x0000000000000057       0x14 /tmp/cck8OJdp.o

.debug_aranges  0x0000000000000000       0x40
 .debug_aranges
                0x0000000000000000       0x20 /tmp/cc5uYZPE.ltrans0.ltrans.o
 .debug_aranges
                0x0000000000000020       0x20 /tmp/cck8OJdp.o

.debug_ranges   0x0000000000000000       0x28
 .debug_ranges  0x0000000000000000       0x28 /tmp/cc5uYZPE.ltrans0.ltrans.o

.debug_line     0x0000000000000000       0xb1
 .debug_line    0x0000000000000000       0x4e /tmp/cc5uYZPE.ltrans0.ltrans.o
 .debug_line    0x000000000000004e       0x63 /tmp/cck8OJdp.o

.debug_str      0x0000000000000000      0x155
 .debug_str     0x0000000000000000      0x155 /tmp/cc5uYZPE.ltrans0.ltrans.o

.debug_frame    0x0000000000000000       0x28
 .debug_frame   0x0000000000000000       0x28 /tmp/cc5uYZPE.ltrans0.ltrans.o
